DEBUG tests/fizzbuzz_tests.c:23: ----- RUNNING: ./tests/fizzbuzz_tests
DEBUG tests/fizzbuzz_tests.c:18: 
----- test_fizzbuzz
DEBUG tests/quicksort_tests.c:24: ----- RUNNING: ./tests/quicksort_tests
DEBUG tests/quicksort_tests.c:19: 
----- test_swap
DEBUG tests/fizzbuzz_tests.c:23: ----- RUNNING: ./tests/fizzbuzz_tests
DEBUG tests/fizzbuzz_tests.c:18: 
----- test_fizzbuzz
DEBUG tests/quicksort_tests.c:24: ----- RUNNING: ./tests/quicksort_tests
DEBUG tests/quicksort_tests.c:19: 
----- test_swap
[ERROR] (tests/quicksort_tests.c:10: errno: None) Your swap function did not swap values
DEBUG tests/fizzbuzz_tests.c:23: ----- RUNNING: ./tests/fizzbuzz_tests
DEBUG tests/fizzbuzz_tests.c:18: 
----- test_fizzbuzz
DEBUG tests/quicksort_tests.c:30: ----- RUNNING: ./tests/quicksort_tests
DEBUG tests/quicksort_tests.c:25: 
----- test_swap
